digraph {
	graph [fontname=Arial, nodesep=0.125, ranksep=0.25];
	node [fontcolor=white, fontname=Arial, height=0, shape=box, style=filled, width=0];
	edge [fontname=Arial];
	0 [color="#0d1475", fontcolor="#ffffff", fontsize="10.00", label="/usr/lib/python2.5/test/pystone.py:246:Func3\n1.72%\n(1.72%)\n50000×"];
	1 [color="#0d267a", fontcolor="#ffffff", fontsize="10.00", label="/usr/lib/python2.5/test/pystone.py:184:Proc6\n5.71%\n(3.99%)\n50000×"];
	1 -> 0 [arrowsize="0.35", color="#0d1475", fontcolor="#0d1475", fontsize="10.00", label="1.72%\n50000×", labeldistance="0.50", penwidth="0.50"];
	2 [color="#0b9e70", fontcolor="#ffffff", fontsize="10.00", label="/usr/lib/python2.5/test/pystone.py:133:Proc1\n32.87%\n(12.14%)\n50000×"];
	2 -> 1 [arrowsize="0.35", color="#0d267a", fontcolor="#0d267a", fontsize="10.00", label="5.71%\n50000×", labeldistance="0.50", penwidth="0.50"];
	2 -> 6 [arrowsize="0.35", color="#0d2c7c", fontcolor="#0d2c7c", fontsize="10.00", label="7.01%\n50000×", labeldistance="0.50", penwidth="0.50"];
	2 -> 7 [arrowsize="0.35", color="#0d267a", fontcolor="#0d267a", fontsize="10.00", label="5.68%\n50000×", labeldistance="0.50", penwidth="0.50"];
	2 -> 15 [arrowsize="0.35", color="#0d1575", fontcolor="#0d1575", fontsize="10.00", label="1.86%\n50000×", labeldistance="0.50", penwidth="0.50"];
	3 [color="#0d1876", fontcolor="#ffffff", fontsize="10.00", label="/usr/lib/python2.5/test/pystone.py:149:Proc2\n2.65%\n(2.65%)\n50000×"];
	4 [color="#ff0100", fontcolor="#ffffff", fontsize="10.00", label="/usr/lib/python2.5/test/pystone.py:79:Proc0\n99.89%\n(23.22%)\n1×"];
	4 -> 2 [arrowsize="0.57", color="#0b9e70", fontcolor="#0b9e70", fontsize="10.00", label="32.87%\n50000×", labeldistance="1.31", penwidth="1.31"];
	4 -> 3 [arrowsize="0.35", color="#0d1876", fontcolor="#0d1876", fontsize="10.00", label="2.65%\n50000×", labeldistance="0.50", penwidth="0.50"];
	4 -> 11 [arrowsize="0.35", color="#0d1776", fontcolor="#0d1776", fontsize="10.00", label="2.38%\n50000×", labeldistance="0.50", penwidth="0.50"];
	4 -> 13 [arrowsize="0.35", color="#0d2e7c", fontcolor="#0d2e7c", fontsize="10.00", label="7.42%\n50000×", labeldistance="0.50", penwidth="0.50"];
	4 -> 14 [arrowsize="0.35", color="#0d1c77", fontcolor="#0d1c77", fontsize="10.00", label="3.66%\n100000×", labeldistance="0.50", penwidth="0.50"];
	4 -> 15 [arrowsize="0.35", color="#0d1575", fontcolor="#0d1575", fontsize="10.00", label="1.86%\n50000×", labeldistance="0.50", penwidth="0.50"];
	4 -> 18 [arrowsize="0.35", color="#0d1675", fontcolor="#0d1675", fontsize="10.00", label="2.13%\n50000×", labeldistance="0.50", penwidth="0.50"];
	4 -> 19 [arrowsize="0.49", color="#0c8e92", fontcolor="#0c8e92", fontsize="10.00", label="24.12%\n50000×", labeldistance="0.96", penwidth="0.96"];
	5 [color="#0d1776", fontcolor="#ffffff", fontsize="10.00", label="/usr/lib/python2.5/test/pystone.py:45:__init__\n2.45%\n(2.45%)\n50002×"];
	6 [color="#0d2c7c", fontcolor="#ffffff", fontsize="10.00", label="/usr/lib/python2.5/test/pystone.py:53:copy\n7.01%\n(4.56%)\n50000×"];
	6 -> 5 [arrowsize="0.35", color="#0d1776", fontcolor="#0d1776", fontsize="10.00", label="2.45%\n50000×", labeldistance="0.50", penwidth="0.50"];
	7 [color="#0d267a", fontcolor="#ffffff", fontsize="10.00", label="/usr/lib/python2.5/test/pystone.py:160:Proc3\n5.68%\n(4.14%)\n50000×"];
	7 -> 15 [arrowsize="0.35", color="#0d1575", fontcolor="#0d1575", fontsize="10.00", label="1.86%\n50000×", labeldistance="0.50", penwidth="0.50"];
	8 [color="#ff0100", fontcolor="#ffffff", fontsize="10.00", label="/usr/lib/python2.5/test/pystone.py:60:main\n99.90%\n(0.01%)\n1×"];
	8 -> 10 [arrowsize="1.00", color="#ff0100", fontcolor="#ff0100", fontsize="10.00", label="99.89%\n1×", labeldistance="4.00", penwidth="4.00"];
	9 [color="#ff0100", fontcolor="#ffffff", fontsize="10.00", label="/usr/lib/python2.5/test/pystone.py:33:<module>\n99.90%\n(0.00%)\n1×"];
	9 -> 8 [arrowsize="1.00", color="#ff0100", fontcolor="#ff0100", fontsize="10.00", label="99.90%\n1×", labeldistance="4.00", penwidth="4.00"];
	10 [color="#ff0100", fontcolor="#ffffff", fontsize="10.00", label="/usr/lib/python2.5/test/pystone.py:67:pystones\n99.89%\n(0.00%)\n1×"];
	10 -> 4 [arrowsize="1.00", color="#ff0100", fontcolor="#ff0100", fontsize="10.00", label="99.89%\n1×", labeldistance="4.00", penwidth="4.00"];
	11 [color="#0d1776", fontcolor="#ffffff", fontsize="10.00", label="/usr/lib/python2.5/test/pystone.py:177:Proc5\n2.38%\n(2.38%)\n50000×"];
	12 [color="#ff0000", fontcolor="#ffffff", fontsize="10.00", label="<string>:1:<module>\n100.00%\n(0.10%)\n1×"];
	12 -> 9 [arrowsize="1.00", color="#ff0100", fontcolor="#ff0100", fontsize="10.00", label="99.90%\n1×", labeldistance="4.00", penwidth="4.00"];
	13 [color="#0d2e7c", fontcolor="#ffffff", fontsize="10.00", label="/usr/lib/python2.5/test/pystone.py:229:Func2\n7.42%\n(5.30%)\n50000×"];
	13 -> 14 [arrowsize="0.35", color="#0d1475", fontcolor="#0d1475", fontsize="10.00", label="1.83%\n50000×", labeldistance="0.50", penwidth="0.50"];
	14 [color="#0d257a", fontcolor="#ffffff", fontsize="10.00", label="/usr/lib/python2.5/test/pystone.py:221:Func1\n5.50%\n(5.50%)\n150000×"];
	15 [color="#0d257a", fontcolor="#ffffff", fontsize="10.00", label="/usr/lib/python2.5/test/pystone.py:203:Proc7\n5.59%\n(5.59%)\n150000×"];
	18 [color="#0d1675", fontcolor="#ffffff", fontsize="10.00", label="/usr/lib/python2.5/test/pystone.py:170:Proc4\n2.13%\n(2.13%)\n50000×"];
	19 [color="#0c8e92", fontcolor="#ffffff", fontsize="10.00", label="/usr/lib/python2.5/test/pystone.py:208:Proc8\n24.12%\n(24.12%)\n50000×"];
}
