digraph {
	graph [fontname=Arial, nodesep=0.125, ranksep=0.25];
	node [fontcolor=white, fontname=Arial, height=0, shape=box, style=filled, width=0];
	edge [fontname=Arial];
	0 [color="#ff0000", fontcolor="#ffffff", fontsize="10.00", label=":0:execfile\n100.00%\n(0.08%)\n1×"];
	0 -> 3 [arrowsize="1.00", color="#ff0100", fontcolor="#ff0100", fontsize="10.00", label="99.92%\n1×", labeldistance="4.00", penwidth="4.00"];
	1 [color="#ff0000", fontcolor="#ffffff", fontsize="10.00", label="<string>:1:<module>\n100.00%\n(0.00%)\n1×"];
	1 -> 0 [arrowsize="1.00", color="#ff0000", fontcolor="#ff0000", fontsize="10.00", label="100.00%\n1×", labeldistance="4.00", penwidth="4.00"];
	3 [color="#ff0100", fontcolor="#ffffff", fontsize="10.00", label="pystone:33:<module>\n99.92%\n(0.00%)\n1×"];
	3 -> 18 [arrowsize="1.00", color="#ff0100", fontcolor="#ff0100", fontsize="10.00", label="99.92%\n1×", labeldistance="4.00", penwidth="4.00"];
	4 [color="#0d1776", fontcolor="#ffffff", fontsize="10.00", label=":0:range\n2.54%\n(2.54%)\n50003×"];
	5 [color="#0d327d", fontcolor="#ffffff", fontsize="10.00", label="pystone:208:Proc8\n8.20%\n(5.71%)\n50000×"];
	5 -> 4 [arrowsize="0.35", color="#0d1776", fontcolor="#0d1776", fontsize="10.00", label="2.53%\n50000×", labeldistance="0.50", penwidth="0.50"];
	6 [color="#ff0100", fontcolor="#ffffff", fontsize="10.00", label="pystone:79:Proc0\n99.92%\n(30.68%)\n1×"];
	6 -> 5 [arrowsize="0.35", color="#0d327d", fontcolor="#0d327d", fontsize="10.00", label="8.20%\n50000×", labeldistance="0.50", penwidth="0.50"];
	6 -> 7 [arrowsize="0.57", color="#0b9e72", fontcolor="#0b9e72", fontsize="10.00", label="32.51%\n50000×", labeldistance="1.30", penwidth="1.30"];
	6 -> 11 [arrowsize="0.35", color="#0d1876", fontcolor="#0d1876", fontsize="10.00", label="2.69%\n50000×", labeldistance="0.50", penwidth="0.50"];
	6 -> 14 [arrowsize="0.35", color="#0d2078", fontcolor="#0d2078", fontsize="10.00", label="4.42%\n100000×", labeldistance="0.50", penwidth="0.50"];
	6 -> 15 [arrowsize="0.35", color="#0d1575", fontcolor="#0d1575", fontsize="10.00", label="1.95%\n50000×", labeldistance="0.50", penwidth="0.50"];
	6 -> 23 [arrowsize="0.35", color="#0d1475", fontcolor="#0d1475", fontsize="10.00", label="1.69%\n50000×", labeldistance="0.50", penwidth="0.50"];
	6 -> 24 [arrowsize="0.35", color="#0d1575", fontcolor="#0d1575", fontsize="10.00", label="2.09%\n50000×", labeldistance="0.50", penwidth="0.50"];
	6 -> 25 [arrowsize="0.35", color="#0d2179", fontcolor="#0d2179", fontsize="10.00", label="4.77%\n100000×", labeldistance="0.50", penwidth="0.50"];
	6 -> 27 [arrowsize="0.35", color="#0d2b7c", fontcolor="#0d2b7c", fontsize="10.00", label="6.91%\n50000×", labeldistance="0.50", penwidth="0.50"];
	6 -> 28 [arrowsize="0.35", color="#0d1e78", fontcolor="#0d1e78", fontsize="10.00", label="4.06%\n100000×", labeldistance="0.50", penwidth="0.50"];
	7 [color="#0b9e72", fontcolor="#ffffff", fontsize="10.00", label="pystone:133:Proc1\n32.51%\n(11.55%)\n50000×"];
	7 -> 10 [arrowsize="0.35", color="#0d267a", fontcolor="#0d267a", fontsize="10.00", label="5.69%\n50000×", labeldistance="0.50", penwidth="0.50"];
	7 -> 20 [arrowsize="0.35", color="#0d2c7c", fontcolor="#0d2c7c", fontsize="10.00", label="7.13%\n50000×", labeldistance="0.50", penwidth="0.50"];
	7 -> 21 [arrowsize="0.35", color="#0d277a", fontcolor="#0d277a", fontsize="10.00", label="5.99%\n50000×", labeldistance="0.50", penwidth="0.50"];
	7 -> 24 [arrowsize="0.35", color="#0d1575", fontcolor="#0d1575", fontsize="10.00", label="2.09%\n50000×", labeldistance="0.50", penwidth="0.50"];
	9 [color="#0d1575", fontcolor="#ffffff", fontsize="10.00", label="pystone:246:Func3\n1.95%\n(1.95%)\n50000×"];
	10 [color="#0d267a", fontcolor="#ffffff", fontsize="10.00", label="pystone:184:Proc6\n5.69%\n(3.73%)\n50000×"];
	10 -> 9 [arrowsize="0.35", color="#0d1575", fontcolor="#0d1575", fontsize="10.00", label="1.95%\n50000×", labeldistance="0.50", penwidth="0.50"];
	11 [color="#0d1876", fontcolor="#ffffff", fontsize="10.00", label="pystone:149:Proc2\n2.69%\n(2.69%)\n50000×"];
	13 [color="#ff0000", fontcolor="#ffffff", fontsize="10.00", label="profile:0:execfile('/usr/lib/python2.5/test/pystone.py')\n100.00%\n(0.00%)\n1×"];
	13 -> 1 [arrowsize="1.00", color="#ff0000", fontcolor="#ff0000", fontsize="10.00", label="100.00%\n1×", labeldistance="4.00", penwidth="4.00"];
	14 [color="#0d2078", fontcolor="#ffffff", fontsize="10.00", label=":0:ord\n4.42%\n(4.42%)\n100000×"];
	15 [color="#0d1575", fontcolor="#ffffff", fontsize="10.00", label="pystone:170:Proc4\n1.95%\n(1.95%)\n50000×"];
	17 [color="#ff0100", fontcolor="#ffffff", fontsize="10.00", label="pystone:67:pystones\n99.92%\n(0.00%)\n1×"];
	17 -> 6 [arrowsize="1.00", color="#ff0100", fontcolor="#ff0100", fontsize="10.00", label="99.92%\n1×", labeldistance="4.00", penwidth="4.00"];
	18 [color="#ff0100", fontcolor="#ffffff", fontsize="10.00", label="pystone:60:main\n99.92%\n(0.00%)\n1×"];
	18 -> 17 [arrowsize="1.00", color="#ff0100", fontcolor="#ff0100", fontsize="10.00", label="99.92%\n1×", labeldistance="4.00", penwidth="4.00"];
	19 [color="#0d1776", fontcolor="#ffffff", fontsize="10.00", label="pystone:45:__init__\n2.45%\n(2.45%)\n50002×"];
	20 [color="#0d2c7c", fontcolor="#ffffff", fontsize="10.00", label="pystone:53:copy\n7.13%\n(4.68%)\n50000×"];
	20 -> 19 [arrowsize="0.35", color="#0d1776", fontcolor="#0d1776", fontsize="10.00", label="2.45%\n50000×", labeldistance="0.50", penwidth="0.50"];
	21 [color="#0d277a", fontcolor="#ffffff", fontsize="10.00", label="pystone:160:Proc3\n5.99%\n(3.94%)\n50000×"];
	21 -> 24 [arrowsize="0.35", color="#0d1575", fontcolor="#0d1575", fontsize="10.00", label="2.09%\n50000×", labeldistance="0.50", penwidth="0.50"];
	23 [color="#0d1475", fontcolor="#ffffff", fontsize="10.00", label="pystone:177:Proc5\n1.69%\n(1.69%)\n50000×"];
	24 [color="#0d287b", fontcolor="#ffffff", fontsize="10.00", label="pystone:203:Proc7\n6.26%\n(6.26%)\n150000×"];
	25 [color="#0d2179", fontcolor="#ffffff", fontsize="10.00", label=":0:chr\n4.77%\n(4.77%)\n100000×"];
	27 [color="#0d2b7c", fontcolor="#ffffff", fontsize="10.00", label="pystone:229:Func2\n6.91%\n(4.82%)\n50000×"];
	27 -> 28 [arrowsize="0.35", color="#0d1575", fontcolor="#0d1575", fontsize="10.00", label="2.03%\n50000×", labeldistance="0.50", penwidth="0.50"];
	28 [color="#0d277b", fontcolor="#ffffff", fontsize="10.00", label="pystone:221:Func1\n6.09%\n(6.09%)\n150000×"];
}
